2026-05-03 11:10:09 +0000  Initial pipeline context: <IDEDistributionProcessingPipelineContext: 0x87badf900; archive(resolved)="<IDEArchive: 0x853c64bd0>", distributionTask(resolved)="2", distributionDestination(resolved)="1", distributionMethod(resolved)="<IDEDistributionMethodDevelopmentSigned: 0x845ff0fe0>", team(resolved)="<IDEProvisioningDisambiguatableBasicTeam: 0x852339f40; teamID='XHHZHZN69K', teamName='Rafia Khuram', teamType='Individual', username='rafia23051891@gmail.com', isFreeProvisioningTeam='0'>">
	Chain (16, self inclusive):
	<IDEDistributionProcessingPipelineContext: 0x87badf900; archive = "<IDEArchive: 0x853c64bd0>", distributionMethod="<IDEDistributionMethodDevelopmentSigned: 0x845ff0fe0>", team="<IDEProvisioningDisambiguatableBasicTeam: 0x852339f40; teamID='XHHZHZN69K', teamName='Rafia Khuram', teamType='Individual', username='rafia23051891@gmail.com', isFreeProvisioningTeam='0'>">
	<IDEDistributionProcessingPipelineContext: 0x87badfc00; archive = "<IDEArchive: 0x853c64bd0>", distributionMethod="<IDEDistributionMethodDevelopmentSigned: 0x845ff0fe0>", team="<IDEProvisioningDisambiguatableBasicTeam: 0x852339f40; teamID='XHHZHZN69K', teamName='Rafia Khuram', teamType='Individual', username='rafia23051891@gmail.com', isFreeProvisioningTeam='0'>">
	<IDEDistributionContext: 0x86f2f8c80; archive = "<IDEArchive: 0x853c64bd0>", distributionMethod="<IDEDistributionMethodDevelopmentSigned: 0x845ff0fe0>", team="<IDEProvisioningDisambiguatableBasicTeam: 0x852339f40; teamID='XHHZHZN69K', teamName='Rafia Khuram', teamType='Individual', username='rafia23051891@gmail.com', isFreeProvisioningTeam='0'>">
	<IDEDistributionContext: 0x87ba98c80; archive = "<IDEArchive: 0x853c64bd0>", distributionMethod="<IDEDistributionMethodDevelopmentSigned: 0x845ff0fe0>", team="<IDEProvisioningDisambiguatableBasicTeam: 0x852339f40; teamID='XHHZHZN69K', teamName='Rafia Khuram', teamType='Individual', username='rafia23051891@gmail.com', isFreeProvisioningTeam='0'>">
	<IDEDistributionContext: 0x87ba98f00; archive = "<IDEArchive: 0x853c64bd0>", distributionMethod="<IDEDistributionMethodDevelopmentSigned: 0x845ff0fe0>", team="<IDEProvisioningDisambiguatableBasicTeam: 0x852339f40; teamID='XHHZHZN69K', teamName='Rafia Khuram', teamType='Individual', username='rafia23051891@gmail.com', isFreeProvisioningTeam='0'>">
	<IDEDistributionContext: 0x86f2dd900; archive = "<IDEArchive: 0x853c64bd0>", distributionMethod="<IDEDistributionMethodDevelopmentSigned: 0x845ff0fe0>", team="<IDEProvisioningDisambiguatableBasicTeam: 0x852339f40; teamID='XHHZHZN69K', teamName='Rafia Khuram', teamType='Individual', username='rafia23051891@gmail.com', isFreeProvisioningTeam='0'>">
	<IDEDistributionContext: 0x86f2dde00; archive = "<IDEArchive: 0x853c64bd0>", distributionMethod="<IDEDistributionMethodDevelopmentSigned: 0x845ff0fe0>", team="<IDEProvisioningDisambiguatableBasicTeam: 0x852339f40; teamID='XHHZHZN69K', teamName='Rafia Khuram', teamType='Individual', username='rafia23051891@gmail.com', isFreeProvisioningTeam='0'>">
	<IDEDistributionContext: 0x86f2de800; archive = "<IDEArchive: 0x853c64bd0>", distributionMethod="<IDEDistributionMethodDevelopmentSigned: 0x845ff0fe0>", team="<IDEProvisioningDisambiguatableBasicTeam: 0x852339f40; teamID='XHHZHZN69K', teamName='Rafia Khuram', teamType='Individual', username='rafia23051891@gmail.com', isFreeProvisioningTeam='0'>">
	<IDEDistributionContext: 0x86f2dc500; archive = "<IDEArchive: 0x853c64bd0>", distributionMethod="<IDEDistributionMethodDevelopmentSigned: 0x845ff0fe0>", team="<IDEProvisioningDisambiguatableBasicTeam: 0x852339f40; teamID='XHHZHZN69K', teamName='Rafia Khuram', teamType='Individual', username='rafia23051891@gmail.com', isFreeProvisioningTeam='0'>">
	<IDEDistributionContext: 0x86f2ddb80; archive = "<IDEArchive: 0x853c64bd0>", distributionMethod="<IDEDistributionMethodDevelopmentSigned: 0x845ff0fe0>", team="(null)">
	<IDEDistributionContext: 0x86f2de580; archive = "<IDEArchive: 0x853c64bd0>", distributionMethod="<IDEDistributionMethodDevelopmentSigned: 0x845ff0fe0>", team="(null)">
	<IDEDistributionContext: 0x86f2df700; archive = "<IDEArchive: 0x853c64bd0>", distributionMethod="<IDEDistributionMethodDevelopmentSigned: 0x845ff0fe0>", team="(null)">
	<IDEDistributionContext: 0x86f2dd180; archive = "<IDEArchive: 0x853c64bd0>", distributionMethod="<IDEDistributionMethodDevelopmentSigned: 0x845ff0fe0>", team="(null)">
	<IDEDistributionContext: 0x86f2dc780; archive = "<IDEArchive: 0x853c64bd0>", distributionMethod="(null)", team="(null)">
	<IDEDistributionContext: 0x871e11e00; archive = "<IDEArchive: 0x853c64bd0>", distributionMethod="(null)", team="(null)">
	<IDEDistributionContext: 0x871e12300; archive = "<IDEArchive: 0x853c64bd0>", distributionMethod="(null)", team="(null)">
</IDEDistributionProcessingPipelineContext: 0x87badf900>
2026-05-03 11:10:09 +0000  Processing step: IDEDistributionCreateDestRootStep
2026-05-03 11:10:09 +0000  Processing step: IDEDistributionCopyItemStep
2026-05-03 11:10:09 +0000  Running /usr/bin/ditto '-V' '/Users/mc/Library/Developer/Xcode/Archives/2026-05-03/Locator 03-05-2026, 4.06 AM.xcarchive/Products/Applications/Locator123.app' '/var/folders/f7/59lchvkj35gdqqfvm2fl6x9c0000gn/T/XcodeDistPipeline.~~~bGwBDl/Root/Payload/Locator123.app'
2026-05-03 11:10:09 +0000  >>> Copying /Users/mc/Library/Developer/Xcode/Archives/2026-05-03/Locator 03-05-2026, 4.06 AM.xcarchive/Products/Applications/Locator123.app 
2026-05-03 11:10:09 +0000  copying file ./_CodeSignature/CodeResources ... 
2026-05-03 11:10:09 +0000  28449 bytes for ./_CodeSignature/CodeResources
2026-05-03 11:10:09 +0000  copying file ./SplashScreen.storyboardc/EXPO-VIEWCONTROLLER-1-view-EXPO-ContainerView.nib ... 
2026-05-03 11:10:09 +0000  2024 bytes for ./SplashScreen.storyboardc/EXPO-VIEWCONTROLLER-1-view-EXPO-ContainerView.nib
2026-05-03 11:10:09 +0000  copying file ./SplashScreen.storyboardc/SplashScreenViewController.nib ... 
2026-05-03 11:10:09 +0000  1004 bytes for ./SplashScreen.storyboardc/SplashScreenViewController.nib
2026-05-03 11:10:09 +0000  copying file ./SplashScreen.storyboardc/Info.plist ... 
2026-05-03 11:10:09 +0000  225 bytes for ./SplashScreen.storyboardc/Info.plist
2026-05-03 11:10:09 +0000  copying file ./ExpoSystemUI_privacy.bundle/PrivacyInfo.xcprivacy ... 
2026-05-03 11:10:09 +0000  607 bytes for ./ExpoSystemUI_privacy.bundle/PrivacyInfo.xcprivacy
2026-05-03 11:10:09 +0000  copying file ./ExpoSystemUI_privacy.bundle/Info.plist ... 
2026-05-03 11:10:09 +0000  788 bytes for ./ExpoSystemUI_privacy.bundle/Info.plist
2026-05-03 11:10:09 +0000  copying file ./AppIcon60x60@2x.png ... 
2026-05-03 11:10:09 +0000  6073 bytes for ./AppIcon60x60@2x.png
2026-05-03 11:10:09 +0000  copying file ./ExpoConstants_privacy.bundle/PrivacyInfo.xcprivacy ... 
2026-05-03 11:10:09 +0000  607 bytes for ./ExpoConstants_privacy.bundle/PrivacyInfo.xcprivacy
2026-05-03 11:10:09 +0000  copying file ./ExpoConstants_privacy.bundle/Info.plist ... 
2026-05-03 11:10:09 +0000  792 bytes for ./ExpoConstants_privacy.bundle/Info.plist
2026-05-03 11:10:09 +0000  copying file ./React-cxxreact_privacy.bundle/PrivacyInfo.xcprivacy ... 
2026-05-03 11:10:09 +0000  552 bytes for ./React-cxxreact_privacy.bundle/PrivacyInfo.xcprivacy
2026-05-03 11:10:09 +0000  copying file ./React-cxxreact_privacy.bundle/Info.plist ... 
2026-05-03 11:10:09 +0000  793 bytes for ./React-cxxreact_privacy.bundle/Info.plist
2026-05-03 11:10:09 +0000  copying file ./ExpoApplication_privacy.bundle/PrivacyInfo.xcprivacy ... 
2026-05-03 11:10:09 +0000  608 bytes for ./ExpoApplication_privacy.bundle/PrivacyInfo.xcprivacy
2026-05-03 11:10:09 +0000  copying file ./ExpoApplication_privacy.bundle/Info.plist ... 
2026-05-03 11:10:09 +0000  794 bytes for ./ExpoApplication_privacy.bundle/Info.plist
2026-05-03 11:10:09 +0000  copying file ./Assets.car ... 
2026-05-03 11:10:09 +0000  274248 bytes for ./Assets.car
2026-05-03 11:10:09 +0000  copying file ./AppIcon76x76@2x~ipad.png ... 
2026-05-03 11:10:09 +0000  8921 bytes for ./AppIcon76x76@2x~ipad.png
2026-05-03 11:10:09 +0000  copying file ./main.jsbundle ... 
2026-05-03 11:10:09 +0000  3467116 bytes for ./main.jsbundle
2026-05-03 11:10:09 +0000  copying file ./EXConstants.bundle/app.config ... 
2026-05-03 11:10:09 +0000  1699 bytes for ./EXConstants.bundle/app.config
2026-05-03 11:10:09 +0000  copying file ./EXConstants.bundle/Info.plist ... 
2026-05-03 11:10:09 +0000  770 bytes for ./EXConstants.bundle/Info.plist
2026-05-03 11:10:09 +0000  copying file ./SDWebImage.bundle/PrivacyInfo.xcprivacy ... 
2026-05-03 11:10:09 +0000  599 bytes for ./SDWebImage.bundle/PrivacyInfo.xcprivacy
2026-05-03 11:10:09 +0000  copying file ./SDWebImage.bundle/Info.plist ... 
2026-05-03 11:10:09 +0000  766 bytes for ./SDWebImage.bundle/Info.plist
2026-05-03 11:10:09 +0000  copying file ./ExpoDevice_privacy.bundle/PrivacyInfo.xcprivacy ... 
2026-05-03 11:10:09 +0000  609 bytes for ./ExpoDevice_privacy.bundle/PrivacyInfo.xcprivacy
2026-05-03 11:10:09 +0000  copying file ./ExpoDevice_privacy.bundle/Info.plist ... 
2026-05-03 11:10:09 +0000  784 bytes for ./ExpoDevice_privacy.bundle/Info.plist
2026-05-03 11:10:09 +0000  copying file ./PrivacyInfo.xcprivacy ... 
2026-05-03 11:10:09 +0000  1283 bytes for ./PrivacyInfo.xcprivacy
2026-05-03 11:10:09 +0000  copying file ./ExpoFileSystem_privacy.bundle/PrivacyInfo.xcprivacy ... 
2026-05-03 11:10:09 +0000  877 bytes for ./ExpoFileSystem_privacy.bundle/PrivacyInfo.xcprivacy
2026-05-03 11:10:09 +0000  copying file ./ExpoFileSystem_privacy.bundle/Info.plist ... 
2026-05-03 11:10:09 +0000  794 bytes for ./ExpoFileSystem_privacy.bundle/Info.plist
2026-05-03 11:10:09 +0000  copying file ./Frameworks/React.framework/_CodeSignature/CodeResources ... 
2026-05-03 11:10:09 +0000  1798 bytes for ./Frameworks/React.framework/_CodeSignature/CodeResources
2026-05-03 11:10:09 +0000  copying file ./Frameworks/React.framework/React ... 
2026-05-03 11:10:09 +0000  11306560 bytes for ./Frameworks/React.framework/React
2026-05-03 11:10:09 +0000  copying file ./Frameworks/React.framework/Info.plist ... 
2026-05-03 11:10:09 +0000  749 bytes for ./Frameworks/React.framework/Info.plist
2026-05-03 11:10:09 +0000  copying file ./Frameworks/ReactNativeDependencies.framework/_CodeSignature/CodeResources ... 
2026-05-03 11:10:09 +0000  3548 bytes for ./Frameworks/ReactNativeDependencies.framework/_CodeSignature/CodeResources
2026-05-03 11:10:09 +0000  copying file ./Frameworks/ReactNativeDependencies.framework/ReactNativeDependencies_folly.bundle/PrivacyInfo.xcprivacy ... 
2026-05-03 11:10:09 +0000  552 bytes for ./Frameworks/ReactNativeDependencies.framework/ReactNativeDependencies_folly.bundle/PrivacyInfo.xcprivacy
2026-05-03 11:10:09 +0000  copying file ./Frameworks/ReactNativeDependencies.framework/ReactNativeDependencies_folly.bundle/Info.plist ... 
2026-05-03 11:10:09 +0000  690 bytes for ./Frameworks/ReactNativeDependencies.framework/ReactNativeDependencies_folly.bundle/Info.plist
2026-05-03 11:10:09 +0000  copying file ./Frameworks/ReactNativeDependencies.framework/ReactNativeDependencies ... 
2026-05-03 11:10:09 +0000  1279888 bytes for ./Frameworks/ReactNativeDependencies.framework/ReactNativeDependencies
2026-05-03 11:10:09 +0000  copying file ./Frameworks/ReactNativeDependencies.framework/ReactNativeDependencies_glog.bundle/PrivacyInfo.xcprivacy ... 
2026-05-03 11:10:09 +0000  552 bytes for ./Frameworks/ReactNativeDependencies.framework/ReactNativeDependencies_glog.bundle/PrivacyInfo.xcprivacy
2026-05-03 11:10:09 +0000  copying file ./Frameworks/ReactNativeDependencies.framework/ReactNativeDependencies_glog.bundle/Info.plist ... 
2026-05-03 11:10:09 +0000  688 bytes for ./Frameworks/ReactNativeDependencies.framework/ReactNativeDependencies_glog.bundle/Info.plist
2026-05-03 11:10:09 +0000  copying file ./Frameworks/ReactNativeDependencies.framework/ReactNativeDependencies_boost.bundle/PrivacyInfo.xcprivacy ... 
2026-05-03 11:10:09 +0000  776 bytes for ./Frameworks/ReactNativeDependencies.framework/ReactNativeDependencies_boost.bundle/PrivacyInfo.xcprivacy
2026-05-03 11:10:09 +0000  copying file ./Frameworks/ReactNativeDependencies.framework/ReactNativeDependencies_boost.bundle/Info.plist ... 
2026-05-03 11:10:09 +0000  690 bytes for ./Frameworks/ReactNativeDependencies.framework/ReactNativeDependencies_boost.bundle/Info.plist
2026-05-03 11:10:09 +0000  copying file ./Frameworks/ReactNativeDependencies.framework/Info.plist ... 
2026-05-03 11:10:09 +0000  782 bytes for ./Frameworks/ReactNativeDependencies.framework/Info.plist
2026-05-03 11:10:09 +0000  copying file ./Frameworks/hermes.framework/_CodeSignature/CodeResources ... 
2026-05-03 11:10:09 +0000  1798 bytes for ./Frameworks/hermes.framework/_CodeSignature/CodeResources
2026-05-03 11:10:09 +0000  copying file ./Frameworks/hermes.framework/hermes ... 
2026-05-03 11:10:09 +0000  4728064 bytes for ./Frameworks/hermes.framework/hermes
2026-05-03 11:10:09 +0000  copying file ./Frameworks/hermes.framework/Info.plist ... 
859 bytes for ./Frameworks/hermes.framework/Info.plist
2026-05-03 11:10:09 +0000  copying file ./embedded.mobileprovision ... 
2026-05-03 11:10:09 +0000  14247 bytes for ./embedded.mobileprovision
2026-05-03 11:10:09 +0000  copying file ./assets/node_modules/@react-navigation/elements/lib/module/assets/back-icon@3x.png ... 
2026-05-03 11:10:09 +0000  761 bytes for ./assets/node_modules/@react-navigation/elements/lib/module/assets/back-icon@3x.png
2026-05-03 11:10:09 +0000  copying file ./assets/node_modules/@react-navigation/elements/lib/module/assets/back-icon@2x.png ... 
2026-05-03 11:10:09 +0000  405 bytes for ./assets/node_modules/@react-navigation/elements/lib/module/assets/back-icon@2x.png
2026-05-03 11:10:09 +0000  copying file ./assets/node_modules/@react-navigation/elements/lib/module/assets/search-icon@2x.png ... 
2026-05-03 11:10:09 +0000  589 bytes for ./assets/node_modules/@react-navigation/elements/lib/module/assets/search-icon@2x.png
2026-05-03 11:10:09 +0000  copying file ./assets/node_modules/@react-navigation/elements/lib/module/assets/clear-icon@3x.png ... 
2026-05-03 11:10:09 +0000  502 bytes for ./assets/node_modules/@react-navigation/elements/lib/module/assets/clear-icon@3x.png
2026-05-03 11:10:09 +0000  copying file ./assets/node_modules/@react-navigation/elements/lib/module/assets/back-icon.png ... 
2026-05-03 11:10:09 +0000  290 bytes for ./assets/node_modules/@react-navigation/elements/lib/module/assets/back-icon.png
2026-05-03 11:10:09 +0000  copying file ./assets/node_modules/@react-navigation/elements/lib/module/assets/clear-icon@2x.png ... 
2026-05-03 11:10:09 +0000  334 bytes for ./assets/node_modules/@react-navigation/elements/lib/module/assets/clear-icon@2x.png
2026-05-03 11:10:09 +0000  copying file ./assets/node_modules/@react-navigation/elements/lib/module/assets/search-icon@3x.png ... 
2026-05-03 11:10:09 +0000  839 bytes for ./assets/node_modules/@react-navigation/elements/lib/module/assets/search-icon@3x.png
2026-05-03 11:10:09 +0000  copying file ./assets/node_modules/@react-navigation/elements/lib/module/assets/close-icon.png ... 
2026-05-03 11:10:09 +0000  141 bytes for ./assets/node_modules/@react-navigation/elements/lib/module/assets/close-icon.png
2026-05-03 11:10:09 +0000  copying file ./assets/node_modules/@react-navigation/elements/lib/module/assets/back-icon-mask.png ... 
2026-05-03 11:10:09 +0000  653 bytes for ./assets/node_modules/@react-navigation/elements/lib/module/assets/back-icon-mask.png
2026-05-03 11:10:09 +0000  copying file ./assets/node_modules/@react-navigation/elements/lib/module/assets/close-icon@2x.png ... 
2026-05-03 11:10:09 +0000  201 bytes for ./assets/node_modules/@react-navigation/elements/lib/module/assets/close-icon@2x.png
2026-05-03 11:10:09 +0000  copying file ./assets/node_modules/@react-navigation/elements/lib/module/assets/close-icon@3x.png ... 
2026-05-03 11:10:09 +0000  266 bytes for ./assets/node_modules/@react-navigation/elements/lib/module/assets/close-icon@3x.png
2026-05-03 11:10:09 +0000  copying file ./assets/node_modules/@react-navigation/elements/lib/module/assets/clear-icon.png ... 
2026-05-03 11:10:09 +0000  220 bytes for ./assets/node_modules/@react-navigation/elements/lib/module/assets/clear-icon.png
2026-05-03 11:10:09 +0000  copying file ./assets/node_modules/@react-navigation/elements/lib/module/assets/search-icon.png ... 
2026-05-03 11:10:09 +0000  317 bytes for ./assets/node_modules/@react-navigation/elements/lib/module/assets/search-icon.png
2026-05-03 11:10:09 +0000  copying file ./assets/node_modules/@expo/vector-icons/build/vendor/react-native-vector-icons/Fonts/Fontisto.ttf ... 
2026-05-03 11:10:09 +0000  313528 bytes for ./assets/node_modules/@expo/vector-icons/build/vendor/react-native-vector-icons/Fonts/Fontisto.ttf
2026-05-03 11:10:09 +0000  copying file ./assets/node_modules/@expo/vector-icons/build/vendor/react-native-vector-icons/Fonts/Octicons.ttf ... 
2026-05-03 11:10:09 +0000  69436 bytes for ./assets/node_modules/@expo/vector-icons/build/vendor/react-native-vector-icons/Fonts/Octicons.ttf
2026-05-03 11:10:09 +0000  copying file ./assets/node_modules/@expo/vector-icons/build/vendor/react-native-vector-icons/Fonts/Feather.ttf ... 
2026-05-03 11:10:09 +0000  55596 bytes for ./assets/node_modules/@expo/vector-icons/build/vendor/react-native-vector-icons/Fonts/Feather.ttf
2026-05-03 11:10:09 +0000  copying file ./assets/node_modules/@expo/vector-icons/build/vendor/react-native-vector-icons/Fonts/FontAwesome6_Regular.ttf ... 
2026-05-03 11:10:09 +0000  67976 bytes for ./assets/node_modules/@expo/vector-icons/build/vendor/react-native-vector-icons/Fonts/FontAwesome6_Regular.ttf
2026-05-03 11:10:09 +0000  copying file ./assets/node_modules/@expo/vector-icons/build/vendor/react-native-vector-icons/Fonts/Entypo.ttf ... 
2026-05-03 11:10:09 +0000  66200 bytes for ./assets/node_modules/@expo/vector-icons/build/vendor/react-native-vector-icons/Fonts/Entypo.ttf
2026-05-03 11:10:09 +0000  copying file ./assets/node_modules/@expo/vector-icons/build/vendor/react-native-vector-icons/Fonts/FontAwesome5_Brands.ttf ... 
2026-05-03 11:10:09 +0000  134040 bytes for ./assets/node_modules/@expo/vector-icons/build/vendor/react-native-vector-icons/Fonts/FontAwesome5_Brands.ttf
2026-05-03 11:10:09 +0000  copying file ./assets/node_modules/@expo/vector-icons/build/vendor/react-native-vector-icons/Fonts/MaterialCommunityIcons.ttf ... 
2026-05-03 11:10:09 +0000  1307660 bytes for ./assets/node_modules/@expo/vector-icons/build/vendor/react-native-vector-icons/Fonts/MaterialCommunityIcons.ttf
2026-05-03 11:10:09 +0000  copying file ./assets/node_modules/@expo/vector-icons/build/vendor/react-native-vector-icons/Fonts/AntDesign.ttf ... 
2026-05-03 11:10:09 +0000  130484 bytes for ./assets/node_modules/@expo/vector-icons/build/vendor/react-native-vector-icons/Fonts/AntDesign.ttf
2026-05-03 11:10:09 +0000  copying file ./assets/node_modules/@expo/vector-icons/build/vendor/react-native-vector-icons/Fonts/Foundation.ttf ... 
2026-05-03 11:10:09 +0000  56976 bytes for ./assets/node_modules/@expo/vector-icons/build/vendor/react-native-vector-icons/Fonts/Foundation.ttf
2026-05-03 11:10:09 +0000  copying file ./assets/node_modules/@expo/vector-icons/build/vendor/react-native-vector-icons/Fonts/Ionicons.ttf ... 
2026-05-03 11:10:09 +0000  389724 bytes for ./assets/node_modules/@expo/vector-icons/build/vendor/react-native-vector-icons/Fonts/Ionicons.ttf
2026-05-03 11:10:09 +0000  copying file ./assets/node_modules/@expo/vector-icons/build/vendor/react-native-vector-icons/Fonts/FontAwesome5_Solid.ttf ... 
2026-05-03 11:10:09 +0000  202744 bytes for ./assets/node_modules/@expo/vector-icons/build/vendor/react-native-vector-icons/Fonts/FontAwesome5_Solid.ttf
2026-05-03 11:10:09 +0000  copying file ./assets/node_modules/@expo/vector-icons/build/vendor/react-native-vector-icons/Fonts/FontAwesome5_Regular.ttf ... 
2026-05-03 11:10:09 +0000  33736 bytes for ./assets/node_modules/@expo/vector-icons/build/vendor/react-native-vector-icons/Fonts/FontAwesome5_Regular.ttf
2026-05-03 11:10:09 +0000  copying file ./assets/node_modules/@expo/vector-icons/build/vendor/react-native-vector-icons/Fonts/FontAwesome.ttf ... 
2026-05-03 11:10:09 +0000  165548 bytes for ./assets/node_modules/@expo/vector-icons/build/vendor/react-native-vector-icons/Fonts/FontAwesome.ttf
2026-05-03 11:10:09 +0000  copying file ./assets/node_modules/@expo/vector-icons/build/vendor/react-native-vector-icons/Fonts/Zocial.ttf ... 
2026-05-03 11:10:09 +0000  25788 bytes for ./assets/node_modules/@expo/vector-icons/build/vendor/react-native-vector-icons/Fonts/Zocial.ttf
2026-05-03 11:10:09 +0000  copying file ./assets/node_modules/@expo/vector-icons/build/vendor/react-native-vector-icons/Fonts/EvilIcons.ttf ... 
2026-05-03 11:10:09 +0000  13456 bytes for ./assets/node_modules/@expo/vector-icons/build/vendor/react-native-vector-icons/Fonts/EvilIcons.ttf
2026-05-03 11:10:09 +0000  copying file ./assets/node_modules/@expo/vector-icons/build/vendor/react-native-vector-icons/Fonts/FontAwesome6_Solid.ttf ... 
2026-05-03 11:10:09 +0000  423676 bytes for ./assets/node_modules/@expo/vector-icons/build/vendor/react-native-vector-icons/Fonts/FontAwesome6_Solid.ttf
2026-05-03 11:10:09 +0000  copying file ./assets/node_modules/@expo/vector-icons/build/vendor/react-native-vector-icons/Fonts/SimpleLineIcons.ttf ... 
2026-05-03 11:10:09 +0000  54056 bytes for ./assets/node_modules/@expo/vector-icons/build/vendor/react-native-vector-icons/Fonts/SimpleLineIcons.ttf
2026-05-03 11:10:09 +0000  copying file ./assets/node_modules/@expo/vector-icons/build/vendor/react-native-vector-icons/Fonts/FontAwesome6_Brands.ttf ... 
2026-05-03 11:10:09 +0000  209376 bytes for ./assets/node_modules/@expo/vector-icons/build/vendor/react-native-vector-icons/Fonts/FontAwesome6_Brands.ttf
2026-05-03 11:10:09 +0000  copying file ./assets/node_modules/@expo/vector-icons/build/vendor/react-native-vector-icons/Fonts/MaterialIcons.ttf ... 
2026-05-03 11:10:09 +0000  356840 bytes for ./assets/node_modules/@expo/vector-icons/build/vendor/react-native-vector-icons/Fonts/MaterialIcons.ttf
2026-05-03 11:10:09 +0000  copying file ./assets/node_modules/expo-router/assets/pkg.png ... 
2026-05-03 11:10:09 +0000  364 bytes for ./assets/node_modules/expo-router/assets/pkg.png
2026-05-03 11:10:09 +0000  copying file ./assets/node_modules/expo-router/assets/unmatched.png ... 
2026-05-03 11:10:09 +0000  4752 bytes for ./assets/node_modules/expo-router/assets/unmatched.png
2026-05-03 11:10:09 +0000  copying file ./assets/node_modules/expo-router/assets/file.png ... 
2026-05-03 11:10:09 +0000  138 bytes for ./assets/node_modules/expo-router/assets/file.png
2026-05-03 11:10:09 +0000  copying file ./assets/node_modules/expo-router/assets/forward.png ... 
2026-05-03 11:10:09 +0000  188 bytes for ./assets/node_modules/expo-router/assets/forward.png
2026-05-03 11:10:09 +0000  copying file ./assets/node_modules/expo-router/assets/error.png ... 
2026-05-03 11:10:09 +0000  469 bytes for ./assets/node_modules/expo-router/assets/error.png
2026-05-03 11:10:09 +0000  copying file ./assets/node_modules/expo-router/assets/sitemap.png ... 
2026-05-03 11:10:09 +0000  465 bytes for ./assets/node_modules/expo-router/assets/sitemap.png
2026-05-03 11:10:09 +0000  copying file ./assets/node_modules/expo-router/assets/arrow_down.png ... 
2026-05-03 11:10:09 +0000  9456 bytes for ./assets/node_modules/expo-router/assets/arrow_down.png
2026-05-03 11:10:09 +0000  copying file ./Info.plist ... 
2026-05-03 11:10:09 +0000  2576 bytes for ./Info.plist
2026-05-03 11:10:09 +0000  copying file ./Expo.plist ... 
2026-05-03 11:10:09 +0000  132 bytes for ./Expo.plist
2026-05-03 11:10:09 +0000  copying file ./RNCAsyncStorage_resources.bundle/PrivacyInfo.xcprivacy ... 
2026-05-03 11:10:09 +0000  512 bytes for ./RNCAsyncStorage_resources.bundle/PrivacyInfo.xcprivacy
2026-05-03 11:10:09 +0000  copying file ./RNCAsyncStorage_resources.bundle/Info.plist ... 
2026-05-03 11:10:09 +0000  798 bytes for ./RNCAsyncStorage_resources.bundle/Info.plist
2026-05-03 11:10:09 +0000  copying file ./PkgInfo ... 
2026-05-03 11:10:09 +0000  8 bytes for ./PkgInfo
2026-05-03 11:10:09 +0000  copying file ./React-Core_privacy.bundle/PrivacyInfo.xcprivacy ... 
2026-05-03 11:10:09 +0000  768 bytes for ./React-Core_privacy.bundle/PrivacyInfo.xcprivacy
2026-05-03 11:10:09 +0000  copying file ./React-Core_privacy.bundle/Info.plist ... 
2026-05-03 11:10:09 +0000  785 bytes for ./React-Core_privacy.bundle/Info.plist
2026-05-03 11:10:09 +0000  copying file ./Locator123 ... 
2026-05-03 11:10:09 +0000  6221344 bytes for ./Locator123
2026-05-03 11:10:09 +0000  /usr/bin/ditto exited with 0
2026-05-03 11:10:09 +0000  Processing step: IDEDistributionEmbedProfileStep
2026-05-03 11:10:09 +0000  Skipping profile for item: <IDEDistributionItem: 0x879fa0360; bundleID='react-native.React', path='<DVTFilePath:0x87a015920:'/Users/mc/Library/Developer/Xcode/Archives/2026-05-03/Locator 03-05-2026, 4.06 AM.xcarchive/Products/Applications/Locator123.app/Frameworks/React.framework'>', codeSigningInfo='<_DVTCodeSigningInformation_Path: 0x879fa03c0; isSigned='1', isAdHocSigned='0', signingCertificate='<DVTSigningCertificate: 0x83efadbc0; name='Apple Development: Rafia Khuram (T22W63KWZB)', hash='E2365B2EF1DEE34B529B71C9D0DDC4B39FC8D2B0', serialNumber='6C81EFCE0016EEE98C2C632DE433DE7B', certificateKinds='(
    "1.2.840.113635.100.6.1.12",
    "1.2.840.113635.100.6.1.2"
), issueDate='2026-05-03 10:42:00 +0000''>', entitlements='(null)', teamID='XHHZHZN69K', identifier='react-native.React', executablePath='<DVTFilePath:0x87a017ae0:'/Users/mc/Library/Developer/Xcode/Archives/2026-05-03/Locator 03-05-2026, 4.06 AM.xcarchive/Products/Applications/Locator123.app/Frameworks/React.framework/React'>', hardenedRuntime='0'>'>
2026-05-03 11:10:09 +0000  Skipping profile for item: <IDEDistributionItem: 0x879fa0420; bundleID='third-party.ReactNativeDependencies', path='<DVTFilePath:0x879ed1980:'/Users/mc/Library/Developer/Xcode/Archives/2026-05-03/Locator 03-05-2026, 4.06 AM.xcarchive/Products/Applications/Locator123.app/Frameworks/ReactNativeDependencies.framework'>', codeSigningInfo='<_DVTCodeSigningInformation_Path: 0x879fa04e0; isSigned='1', isAdHocSigned='0', signingCertificate='<DVTSigningCertificate: 0x83efadbc0; name='Apple Development: Rafia Khuram (T22W63KWZB)', hash='E2365B2EF1DEE34B529B71C9D0DDC4B39FC8D2B0', serialNumber='6C81EFCE0016EEE98C2C632DE433DE7B', certificateKinds='(
    "1.2.840.113635.100.6.1.12",
    "1.2.840.113635.100.6.1.2"
), issueDate='2026-05-03 10:42:00 +0000''>', entitlements='(null)', teamID='XHHZHZN69K', identifier='third-party.ReactNativeDependencies', executablePath='<DVTFilePath:0x8477ed500:'/Users/mc/Library/Developer/Xcode/Archives/2026-05-03/Locator 03-05-2026, 4.06 AM.xcarchive/Products/Applications/Locator123.app/Frameworks/ReactNativeDependencies.framework/ReactNativeDependencies'>', hardenedRuntime='0'>'>
2026-05-03 11:10:09 +0000  Skipping profile for item: <IDEDistributionItem: 0x879fa02a0; bundleID='dev.hermesengine.iphoneos', path='<DVTFilePath:0x8477ee680:'/Users/mc/Library/Developer/Xcode/Archives/2026-05-03/Locator 03-05-2026, 4.06 AM.xcarchive/Products/Applications/Locator123.app/Frameworks/hermes.framework'>', codeSigningInfo='<_DVTCodeSigningInformation_Path: 0x879fa0300; isSigned='1', isAdHocSigned='0', signingCertificate='<DVTSigningCertificate: 0x83efadbc0; name='Apple Development: Rafia Khuram (T22W63KWZB)', hash='E2365B2EF1DEE34B529B71C9D0DDC4B39FC8D2B0', serialNumber='6C81EFCE0016EEE98C2C632DE433DE7B', certificateKinds='(
    "1.2.840.113635.100.6.1.12",
    "1.2.840.113635.100.6.1.2"
), issueDate='2026-05-03 10:42:00 +0000''>', entitlements='(null)', teamID='XHHZHZN69K', identifier='dev.hermesengine.iphoneos', executablePath='<DVTFilePath:0x87a017360:'/Users/mc/Library/Developer/Xcode/Archives/2026-05-03/Locator 03-05-2026, 4.06 AM.xcarchive/Products/Applications/Locator123.app/Frameworks/hermes.framework/hermes'>', hardenedRuntime='0'>'>
2026-05-03 11:10:09 +0000  Processing step: IDEDistributionInfoPlistStep
2026-05-03 11:10:09 +0000  Skipping step: IDEDistributionInfoPlistStep because it said so
2026-05-03 11:10:09 +0000  Skipping step: IDEDistributionInfoPlistStep because it said so
2026-05-03 11:10:09 +0000  Skipping step: IDEDistributionInfoPlistStep because it said so
2026-05-03 11:10:09 +0000  Skipping step: IDEDistributionInfoPlistStep because it said so
2026-05-03 11:10:09 +0000  Processing step: IDEDistributionAppThinningPlistStep
2026-05-03 11:10:09 +0000  Skipping step: IDEDistributionAppThinningPlistStep because it said so
2026-05-03 11:10:09 +0000  Processing step: IDEDistributionSymbolsStep
2026-05-03 11:10:09 +0000  Skipping step: IDEDistributionSymbolsStep because it said so
2026-05-03 11:10:09 +0000  Processing step: IDEDistributionAppThinningStep
2026-05-03 11:10:09 +0000  Skipping step: IDEDistributionAppThinningStep because it said so
2026-05-03 11:10:09 +0000  Processing step: IDEDistributionArchThinningStep
2026-05-03 11:10:09 +0000  Archs to thin for item /Users/mc/Library/Developer/Xcode/Archives/2026-05-03/Locator 03-05-2026, 4.06 AM.xcarchive/Products/Applications/Locator123.app/Frameworks/React.framework are []
2026-05-03 11:10:09 +0000  Archs to thin for item /Users/mc/Library/Developer/Xcode/Archives/2026-05-03/Locator 03-05-2026, 4.06 AM.xcarchive/Products/Applications/Locator123.app/Frameworks/ReactNativeDependencies.framework are []
2026-05-03 11:10:09 +0000  Archs to thin for item /Users/mc/Library/Developer/Xcode/Archives/2026-05-03/Locator 03-05-2026, 4.06 AM.xcarchive/Products/Applications/Locator123.app/Frameworks/hermes.framework are []
2026-05-03 11:10:09 +0000  Archs to thin for item /Users/mc/Library/Developer/Xcode/Archives/2026-05-03/Locator 03-05-2026, 4.06 AM.xcarchive/Products/Applications/Locator123.app are []
2026-05-03 11:10:09 +0000  Processing step: IDEDistributionODRStep
2026-05-03 11:10:09 +0000  Processing step: IDEDistributionStripXattrsStep
2026-05-03 11:10:09 +0000  Skipping stripping extended attributes because the codesign step will strip them.
2026-05-03 11:10:09 +0000  Skipping stripping extended attributes because the codesign step will strip them.
2026-05-03 11:10:09 +0000  Skipping stripping extended attributes because the codesign step will strip them.
2026-05-03 11:10:09 +0000  Skipping stripping extended attributes because the codesign step will strip them.
2026-05-03 11:10:09 +0000  Processing step: IDEDistributionCodesignStep
2026-05-03 11:10:09 +0000  Entitlements for <IDEDistributionItem: 0x879fa0360; bundleID='react-native.React', path='<DVTFilePath:0x87a015920:'/Users/mc/Library/Developer/Xcode/Archives/2026-05-03/Locator 03-05-2026, 4.06 AM.xcarchive/Products/Applications/Locator123.app/Frameworks/React.framework'>', codeSigningInfo='<_DVTCodeSigningInformation_Path: 0x879fa03c0; isSigned='1', isAdHocSigned='0', signingCertificate='<DVTSigningCertificate: 0x83efadbc0; name='Apple Development: Rafia Khuram (T22W63KWZB)', hash='E2365B2EF1DEE34B529B71C9D0DDC4B39FC8D2B0', serialNumber='6C81EFCE0016EEE98C2C632DE433DE7B', certificateKinds='(
    "1.2.840.113635.100.6.1.12",
    "1.2.840.113635.100.6.1.2"
), issueDate='2026-05-03 10:42:00 +0000''>', entitlements='(null)', teamID='XHHZHZN69K', identifier='react-native.React', executablePath='<DVTFilePath:0x87a017ae0:'/Users/mc/Library/Developer/Xcode/Archives/2026-05-03/Locator 03-05-2026, 4.06 AM.xcarchive/Products/Applications/Locator123.app/Frameworks/React.framework/React'>', hardenedRuntime='0'>'>: {
}
2026-05-03 11:10:09 +0000  Associated App Clip Identifiers Filter: Skipping because "com.apple.developer.associated-appclip-app-identifiers" is not present
2026-05-03 11:10:09 +0000  Entitlements for <IDEDistributionItem: 0x879fa0360; bundleID='react-native.React', path='<DVTFilePath:0x87a015920:'/Users/mc/Library/Developer/Xcode/Archives/2026-05-03/Locator 03-05-2026, 4.06 AM.xcarchive/Products/Applications/Locator123.app/Frameworks/React.framework'>', codeSigningInfo='<_DVTCodeSigningInformation_Path: 0x879fa03c0; isSigned='1', isAdHocSigned='0', signingCertificate='<DVTSigningCertificate: 0x83efae400; name='Apple Development: Rafia Khuram (T22W63KWZB)', hash='E2365B2EF1DEE34B529B71C9D0DDC4B39FC8D2B0', serialNumber='6C81EFCE0016EEE98C2C632DE433DE7B', certificateKinds='(
    "1.2.840.113635.100.6.1.12",
    "1.2.840.113635.100.6.1.2"
), issueDate='2026-05-03 10:42:00 +0000''>', entitlements='(null)', teamID='XHHZHZN69K', identifier='react-native.React', executablePath='<DVTFilePath:0x87a017ae0:'/Users/mc/Library/Developer/Xcode/Archives/2026-05-03/Locator 03-05-2026, 4.06 AM.xcarchive/Products/Applications/Locator123.app/Frameworks/React.framework/React'>', hardenedRuntime='0'>'> are: {
}
2026-05-03 11:10:09 +0000  Writing entitlements for <IDEDistributionItem: 0x879fa0360; bundleID='react-native.React', path='<DVTFilePath:0x87a015920:'/Users/mc/Library/Developer/Xcode/Archives/2026-05-03/Locator 03-05-2026, 4.06 AM.xcarchive/Products/Applications/Locator123.app/Frameworks/React.framework'>', codeSigningInfo='<_DVTCodeSigningInformation_Path: 0x879fa03c0; isSigned='1', isAdHocSigned='0', signingCertificate='<DVTSigningCertificate: 0x83efae400; name='Apple Development: Rafia Khuram (T22W63KWZB)', hash='E2365B2EF1DEE34B529B71C9D0DDC4B39FC8D2B0', serialNumber='6C81EFCE0016EEE98C2C632DE433DE7B', certificateKinds='(
    "1.2.840.113635.100.6.1.12",
    "1.2.840.113635.100.6.1.2"
), issueDate='2026-05-03 10:42:00 +0000''>', entitlements='(null)', teamID='XHHZHZN69K', identifier='react-native.React', executablePath='<DVTFilePath:0x87a017ae0:'/Users/mc/Library/Developer/Xcode/Archives/2026-05-03/Locator 03-05-2026, 4.06 AM.xcarchive/Products/Applications/Locator123.app/Frameworks/React.framework/React'>', hardenedRuntime='0'>'> to: /var/folders/f7/59lchvkj35gdqqfvm2fl6x9c0000gn/T/XcodeDistPipeline.~~~bGwBDl/entitlements~~~Os379F
2026-05-03 11:10:09 +0000  invoking codesign: <NSConcreteTask: 0x844688fa0; launchPath='/usr/bin/codesign', arguments='(
    "-f",
    "-s",
    E2365B2EF1DEE34B529B71C9D0DDC4B39FC8D2B0,
    "--entitlements",
    "/var/folders/f7/59lchvkj35gdqqfvm2fl6x9c0000gn/T/XcodeDistPipeline.~~~bGwBDl/entitlements~~~Os379F",
    "--preserve-metadata=identifier,flags,runtime,launch-constraints,library-constraints",
    "--generate-entitlement-der",
    "--strip-disallowed-xattrs",
    "-vvv",
    "/var/folders/f7/59lchvkj35gdqqfvm2fl6x9c0000gn/T/XcodeDistPipeline.~~~bGwBDl/Root/Payload/Locator123.app/Frameworks/React.framework"
)'>
2026-05-03 11:10:16 +0000  codesign output: /var/folders/f7/59lchvkj35gdqqfvm2fl6x9c0000gn/T/XcodeDistPipeline.~~~bGwBDl/Root/Payload/Locator123.app/Frameworks/React.framework: replacing existing signature
/var/folders/f7/59lchvkj35gdqqfvm2fl6x9c0000gn/T/XcodeDistPipeline.~~~bGwBDl/Root/Payload/Locator123.app/Frameworks/React.framework: signed bundle with Mach-O thin (arm64) [react-native.React]
2026-05-03 11:10:16 +0000  Entitlements for <IDEDistributionItem: 0x879fa0420; bundleID='third-party.ReactNativeDependencies', path='<DVTFilePath:0x879ed1980:'/Users/mc/Library/Developer/Xcode/Archives/2026-05-03/Locator 03-05-2026, 4.06 AM.xcarchive/Products/Applications/Locator123.app/Frameworks/ReactNativeDependencies.framework'>', codeSigningInfo='<_DVTCodeSigningInformation_Path: 0x879fa04e0; isSigned='1', isAdHocSigned='0', signingCertificate='<DVTSigningCertificate: 0x83efadbc0; name='Apple Development: Rafia Khuram (T22W63KWZB)', hash='E2365B2EF1DEE34B529B71C9D0DDC4B39FC8D2B0', serialNumber='6C81EFCE0016EEE98C2C632DE433DE7B', certificateKinds='(
    "1.2.840.113635.100.6.1.12",
    "1.2.840.113635.100.6.1.2"
), issueDate='2026-05-03 10:42:00 +0000''>', entitlements='(null)', teamID='XHHZHZN69K', identifier='third-party.ReactNativeDependencies', executablePath='<DVTFilePath:0x8477ed500:'/Users/mc/Library/Developer/Xcode/Archives/2026-05-03/Locator 03-05-2026, 4.06 AM.xcarchive/Products/Applications/Locator123.app/Frameworks/ReactNativeDependencies.framework/ReactNativeDependencies'>', hardenedRuntime='0'>'>: {
}
2026-05-03 11:10:16 +0000  Associated App Clip Identifiers Filter: Skipping because "com.apple.developer.associated-appclip-app-identifiers" is not present
2026-05-03 11:10:16 +0000  Entitlements for <IDEDistributionItem: 0x879fa0420; bundleID='third-party.ReactNativeDependencies', path='<DVTFilePath:0x879ed1980:'/Users/mc/Library/Developer/Xcode/Archives/2026-05-03/Locator 03-05-2026, 4.06 AM.xcarchive/Products/Applications/Locator123.app/Frameworks/ReactNativeDependencies.framework'>', codeSigningInfo='<_DVTCodeSigningInformation_Path: 0x879fa04e0; isSigned='1', isAdHocSigned='0', signingCertificate='<DVTSigningCertificate: 0x83efac0c0; name='Apple Development: Rafia Khuram (T22W63KWZB)', hash='E2365B2EF1DEE34B529B71C9D0DDC4B39FC8D2B0', serialNumber='6C81EFCE0016EEE98C2C632DE433DE7B', certificateKinds='(
    "1.2.840.113635.100.6.1.12",
    "1.2.840.113635.100.6.1.2"
), issueDate='2026-05-03 10:42:00 +0000''>', entitlements='(null)', teamID='XHHZHZN69K', identifier='third-party.ReactNativeDependencies', executablePath='<DVTFilePath:0x8477ed500:'/Users/mc/Library/Developer/Xcode/Archives/2026-05-03/Locator 03-05-2026, 4.06 AM.xcarchive/Products/Applications/Locator123.app/Frameworks/ReactNativeDependencies.framework/ReactNativeDependencies'>', hardenedRuntime='0'>'> are: {
}
2026-05-03 11:10:16 +0000  Writing entitlements for <IDEDistributionItem: 0x879fa0420; bundleID='third-party.ReactNativeDependencies', path='<DVTFilePath:0x879ed1980:'/Users/mc/Library/Developer/Xcode/Archives/2026-05-03/Locator 03-05-2026, 4.06 AM.xcarchive/Products/Applications/Locator123.app/Frameworks/ReactNativeDependencies.framework'>', codeSigningInfo='<_DVTCodeSigningInformation_Path: 0x879fa04e0; isSigned='1', isAdHocSigned='0', signingCertificate='<DVTSigningCertificate: 0x83efac0c0; name='Apple Development: Rafia Khuram (T22W63KWZB)', hash='E2365B2EF1DEE34B529B71C9D0DDC4B39FC8D2B0', serialNumber='6C81EFCE0016EEE98C2C632DE433DE7B', certificateKinds='(
    "1.2.840.113635.100.6.1.12",
    "1.2.840.113635.100.6.1.2"
), issueDate='2026-05-03 10:42:00 +0000''>', entitlements='(null)', teamID='XHHZHZN69K', identifier='third-party.ReactNativeDependencies', executablePath='<DVTFilePath:0x8477ed500:'/Users/mc/Library/Developer/Xcode/Archives/2026-05-03/Locator 03-05-2026, 4.06 AM.xcarchive/Products/Applications/Locator123.app/Frameworks/ReactNativeDependencies.framework/ReactNativeDependencies'>', hardenedRuntime='0'>'> to: /var/folders/f7/59lchvkj35gdqqfvm2fl6x9c0000gn/T/XcodeDistPipeline.~~~bGwBDl/entitlements~~~dnr2U5
2026-05-03 11:10:16 +0000  invoking codesign: <NSConcreteTask: 0x844688fa0; launchPath='/usr/bin/codesign', arguments='(
    "-f",
    "-s",
    E2365B2EF1DEE34B529B71C9D0DDC4B39FC8D2B0,
    "--entitlements",
    "/var/folders/f7/59lchvkj35gdqqfvm2fl6x9c0000gn/T/XcodeDistPipeline.~~~bGwBDl/entitlements~~~dnr2U5",
    "--preserve-metadata=identifier,flags,runtime,launch-constraints,library-constraints",
    "--generate-entitlement-der",
    "--strip-disallowed-xattrs",
    "-vvv",
    "/var/folders/f7/59lchvkj35gdqqfvm2fl6x9c0000gn/T/XcodeDistPipeline.~~~bGwBDl/Root/Payload/Locator123.app/Frameworks/ReactNativeDependencies.framework"
)'>
2026-05-03 11:10:18 +0000  codesign output: /var/folders/f7/59lchvkj35gdqqfvm2fl6x9c0000gn/T/XcodeDistPipeline.~~~bGwBDl/Root/Payload/Locator123.app/Frameworks/ReactNativeDependencies.framework: replacing existing signature
/var/folders/f7/59lchvkj35gdqqfvm2fl6x9c0000gn/T/XcodeDistPipeline.~~~bGwBDl/Root/Payload/Locator123.app/Frameworks/ReactNativeDependencies.framework: signed bundle with Mach-O thin (arm64) [third-party.ReactNativeDependencies]
2026-05-03 11:10:18 +0000  Entitlements for <IDEDistributionItem: 0x879fa02a0; bundleID='dev.hermesengine.iphoneos', path='<DVTFilePath:0x8477ee680:'/Users/mc/Library/Developer/Xcode/Archives/2026-05-03/Locator 03-05-2026, 4.06 AM.xcarchive/Products/Applications/Locator123.app/Frameworks/hermes.framework'>', codeSigningInfo='<_DVTCodeSigningInformation_Path: 0x879fa0300; isSigned='1', isAdHocSigned='0', signingCertificate='<DVTSigningCertificate: 0x83efac0c0; name='Apple Development: Rafia Khuram (T22W63KWZB)', hash='E2365B2EF1DEE34B529B71C9D0DDC4B39FC8D2B0', serialNumber='6C81EFCE0016EEE98C2C632DE433DE7B', certificateKinds='(
    "1.2.840.113635.100.6.1.12",
    "1.2.840.113635.100.6.1.2"
), issueDate='2026-05-03 10:42:00 +0000''>', entitlements='(null)', teamID='XHHZHZN69K', identifier='dev.hermesengine.iphoneos', executablePath='<DVTFilePath:0x87a017360:'/Users/mc/Library/Developer/Xcode/Archives/2026-05-03/Locator 03-05-2026, 4.06 AM.xcarchive/Products/Applications/Locator123.app/Frameworks/hermes.framework/hermes'>', hardenedRuntime='0'>'>: {
}
2026-05-03 11:10:18 +0000  Associated App Clip Identifiers Filter: Skipping because "com.apple.developer.associated-appclip-app-identifiers" is not present
2026-05-03 11:10:18 +0000  Entitlements for <IDEDistributionItem: 0x879fa02a0; bundleID='dev.hermesengine.iphoneos', path='<DVTFilePath:0x8477ee680:'/Users/mc/Library/Developer/Xcode/Archives/2026-05-03/Locator 03-05-2026, 4.06 AM.xcarchive/Products/Applications/Locator123.app/Frameworks/hermes.framework'>', codeSigningInfo='<_DVTCodeSigningInformation_Path: 0x879fa0300; isSigned='1', isAdHocSigned='0', signingCertificate='<DVTSigningCertificate: 0x83efac780; name='Apple Development: Rafia Khuram (T22W63KWZB)', hash='E2365B2EF1DEE34B529B71C9D0DDC4B39FC8D2B0', serialNumber='6C81EFCE0016EEE98C2C632DE433DE7B', certificateKinds='(
    "1.2.840.113635.100.6.1.12",
    "1.2.840.113635.100.6.1.2"
), issueDate='2026-05-03 10:42:00 +0000''>', entitlements='(null)', teamID='XHHZHZN69K', identifier='dev.hermesengine.iphoneos', executablePath='<DVTFilePath:0x87a017360:'/Users/mc/Library/Developer/Xcode/Archives/2026-05-03/Locator 03-05-2026, 4.06 AM.xcarchive/Products/Applications/Locator123.app/Frameworks/hermes.framework/hermes'>', hardenedRuntime='0'>'> are: {
}
2026-05-03 11:10:18 +0000  Writing entitlements for <IDEDistributionItem: 0x879fa02a0; bundleID='dev.hermesengine.iphoneos', path='<DVTFilePath:0x8477ee680:'/Users/mc/Library/Developer/Xcode/Archives/2026-05-03/Locator 03-05-2026, 4.06 AM.xcarchive/Products/Applications/Locator123.app/Frameworks/hermes.framework'>', codeSigningInfo='<_DVTCodeSigningInformation_Path: 0x879fa0300; isSigned='1', isAdHocSigned='0', signingCertificate='<DVTSigningCertificate: 0x83efac780; name='Apple Development: Rafia Khuram (T22W63KWZB)', hash='E2365B2EF1DEE34B529B71C9D0DDC4B39FC8D2B0', serialNumber='6C81EFCE0016EEE98C2C632DE433DE7B', certificateKinds='(
    "1.2.840.113635.100.6.1.12",
    "1.2.840.113635.100.6.1.2"
), issueDate='2026-05-03 10:42:00 +0000''>', entitlements='(null)', teamID='XHHZHZN69K', identifier='dev.hermesengine.iphoneos', executablePath='<DVTFilePath:0x87a017360:'/Users/mc/Library/Developer/Xcode/Archives/2026-05-03/Locator 03-05-2026, 4.06 AM.xcarchive/Products/Applications/Locator123.app/Frameworks/hermes.framework/hermes'>', hardenedRuntime='0'>'> to: /var/folders/f7/59lchvkj35gdqqfvm2fl6x9c0000gn/T/XcodeDistPipeline.~~~bGwBDl/entitlements~~~cq2Dka
2026-05-03 11:10:18 +0000  invoking codesign: <NSConcreteTask: 0x844688fa0; launchPath='/usr/bin/codesign', arguments='(
    "-f",
    "-s",
    E2365B2EF1DEE34B529B71C9D0DDC4B39FC8D2B0,
    "--entitlements",
    "/var/folders/f7/59lchvkj35gdqqfvm2fl6x9c0000gn/T/XcodeDistPipeline.~~~bGwBDl/entitlements~~~cq2Dka",
    "--preserve-metadata=identifier,flags,runtime,launch-constraints,library-constraints",
    "--generate-entitlement-der",
    "--strip-disallowed-xattrs",
    "-vvv",
    "/var/folders/f7/59lchvkj35gdqqfvm2fl6x9c0000gn/T/XcodeDistPipeline.~~~bGwBDl/Root/Payload/Locator123.app/Frameworks/hermes.framework"
)'>
2026-05-03 11:10:20 +0000  codesign output: /var/folders/f7/59lchvkj35gdqqfvm2fl6x9c0000gn/T/XcodeDistPipeline.~~~bGwBDl/Root/Payload/Locator123.app/Frameworks/hermes.framework: replacing existing signature
/var/folders/f7/59lchvkj35gdqqfvm2fl6x9c0000gn/T/XcodeDistPipeline.~~~bGwBDl/Root/Payload/Locator123.app/Frameworks/hermes.framework: signed bundle with Mach-O thin (arm64) [dev.hermesengine.iphoneos]
2026-05-03 11:10:20 +0000  Entitlements for <IDEDistributionItem: 0x879fa01e0; bundleID='ai.accendia.locator', path='<DVTFilePath:0x86f02dc80:'/Users/mc/Library/Developer/Xcode/Archives/2026-05-03/Locator 03-05-2026, 4.06 AM.xcarchive/Products/Applications/Locator123.app'>', codeSigningInfo='<_DVTCodeSigningInformation_Path: 0x879fa0240; isSigned='1', isAdHocSigned='0', signingCertificate='<DVTSigningCertificate: 0x83efafd80; name='Apple Development: Rafia Khuram (T22W63KWZB)', hash='E2365B2EF1DEE34B529B71C9D0DDC4B39FC8D2B0', serialNumber='6C81EFCE0016EEE98C2C632DE433DE7B', certificateKinds='(
    "1.2.840.113635.100.6.1.12",
    "1.2.840.113635.100.6.1.2"
), issueDate='2026-05-03 10:42:00 +0000''>', entitlements='{
    "application-identifier" = "XHHZHZN69K.ai.accendia.locator";
    "com.apple.developer.team-identifier" = XHHZHZN69K;
    "get-task-allow" = 1;
}', teamID='XHHZHZN69K', identifier='ai.accendia.locator', executablePath='<DVTFilePath:0x8790014a0:'/Users/mc/Library/Developer/Xcode/Archives/2026-05-03/Locator 03-05-2026, 4.06 AM.xcarchive/Products/Applications/Locator123.app/Locator123'>', hardenedRuntime='0'>'>: {
    "application-identifier" = "XHHZHZN69K.ai.accendia.locator";
    "com.apple.developer.team-identifier" = XHHZHZN69K;
    "get-task-allow" = 1;
}
2026-05-03 11:10:20 +0000  Associated App Clip Identifiers Filter: Skipping because "com.apple.developer.associated-appclip-app-identifiers" is not present
2026-05-03 11:10:20 +0000  Entitlements for <IDEDistributionItem: 0x879fa01e0; bundleID='ai.accendia.locator', path='<DVTFilePath:0x86f02dc80:'/Users/mc/Library/Developer/Xcode/Archives/2026-05-03/Locator 03-05-2026, 4.06 AM.xcarchive/Products/Applications/Locator123.app'>', codeSigningInfo='<_DVTCodeSigningInformation_Path: 0x879fa0240; isSigned='1', isAdHocSigned='0', signingCertificate='<DVTSigningCertificate: 0x83efae280; name='Apple Development: Rafia Khuram (T22W63KWZB)', hash='E2365B2EF1DEE34B529B71C9D0DDC4B39FC8D2B0', serialNumber='6C81EFCE0016EEE98C2C632DE433DE7B', certificateKinds='(
    "1.2.840.113635.100.6.1.12",
    "1.2.840.113635.100.6.1.2"
), issueDate='2026-05-03 10:42:00 +0000''>', entitlements='{
    "application-identifier" = "XHHZHZN69K.ai.accendia.locator";
    "com.apple.developer.team-identifier" = XHHZHZN69K;
    "get-task-allow" = 1;
}', teamID='XHHZHZN69K', identifier='ai.accendia.locator', executablePath='<DVTFilePath:0x8790014a0:'/Users/mc/Library/Developer/Xcode/Archives/2026-05-03/Locator 03-05-2026, 4.06 AM.xcarchive/Products/Applications/Locator123.app/Locator123'>', hardenedRuntime='0'>'> are: {
    "application-identifier" = "XHHZHZN69K.ai.accendia.locator";
    "com.apple.developer.team-identifier" = XHHZHZN69K;
    "get-task-allow" = 1;
}
2026-05-03 11:10:20 +0000  Writing entitlements for <IDEDistributionItem: 0x879fa01e0; bundleID='ai.accendia.locator', path='<DVTFilePath:0x86f02dc80:'/Users/mc/Library/Developer/Xcode/Archives/2026-05-03/Locator 03-05-2026, 4.06 AM.xcarchive/Products/Applications/Locator123.app'>', codeSigningInfo='<_DVTCodeSigningInformation_Path: 0x879fa0240; isSigned='1', isAdHocSigned='0', signingCertificate='<DVTSigningCertificate: 0x83efae280; name='Apple Development: Rafia Khuram (T22W63KWZB)', hash='E2365B2EF1DEE34B529B71C9D0DDC4B39FC8D2B0', serialNumber='6C81EFCE0016EEE98C2C632DE433DE7B', certificateKinds='(
    "1.2.840.113635.100.6.1.12",
    "1.2.840.113635.100.6.1.2"
), issueDate='2026-05-03 10:42:00 +0000''>', entitlements='{
    "application-identifier" = "XHHZHZN69K.ai.accendia.locator";
    "com.apple.developer.team-identifier" = XHHZHZN69K;
    "get-task-allow" = 1;
}', teamID='XHHZHZN69K', identifier='ai.accendia.locator', executablePath='<DVTFilePath:0x8790014a0:'/Users/mc/Library/Developer/Xcode/Archives/2026-05-03/Locator 03-05-2026, 4.06 AM.xcarchive/Products/Applications/Locator123.app/Locator123'>', hardenedRuntime='0'>'> to: /var/folders/f7/59lchvkj35gdqqfvm2fl6x9c0000gn/T/XcodeDistPipeline.~~~bGwBDl/entitlements~~~B6hzbq
2026-05-03 11:10:20 +0000  invoking codesign: <NSConcreteTask: 0x844688fa0; launchPath='/usr/bin/codesign', arguments='(
    "-f",
    "-s",
    E2365B2EF1DEE34B529B71C9D0DDC4B39FC8D2B0,
    "--entitlements",
    "/var/folders/f7/59lchvkj35gdqqfvm2fl6x9c0000gn/T/XcodeDistPipeline.~~~bGwBDl/entitlements~~~B6hzbq",
    "--preserve-metadata=identifier,flags,runtime,launch-constraints,library-constraints",
    "--generate-entitlement-der",
    "--strip-disallowed-xattrs",
    "-vvv",
    "/var/folders/f7/59lchvkj35gdqqfvm2fl6x9c0000gn/T/XcodeDistPipeline.~~~bGwBDl/Root/Payload/Locator123.app"
)'>
2026-05-03 11:10:23 +0000  codesign output: /var/folders/f7/59lchvkj35gdqqfvm2fl6x9c0000gn/T/XcodeDistPipeline.~~~bGwBDl/Root/Payload/Locator123.app: replacing existing signature
/var/folders/f7/59lchvkj35gdqqfvm2fl6x9c0000gn/T/XcodeDistPipeline.~~~bGwBDl/Root/Payload/Locator123.app: signed app bundle with Mach-O thin (arm64) [ai.accendia.locator]
2026-05-03 11:10:23 +0000  Processing step: IDEDistributionZipODRItemStep
2026-05-03 11:10:23 +0000  Skipping step: IDEDistributionZipODRItemStep because it said so
2026-05-03 11:10:23 +0000  Skipping step: IDEDistributionZipODRItemStep because it said so
2026-05-03 11:10:23 +0000  Skipping step: IDEDistributionZipODRItemStep because it said so
2026-05-03 11:10:23 +0000  Skipping step: IDEDistributionZipODRItemStep because it said so
2026-05-03 11:10:23 +0000  Processing step: IDEDistributionCreateIPAStep
2026-05-03 11:10:23 +0000  Running /usr/bin/ditto '-V' '-c' '-k' '--norsrc' '/var/folders/f7/59lchvkj35gdqqfvm2fl6x9c0000gn/T/XcodeDistPipeline.~~~bGwBDl/Root' '/var/folders/f7/59lchvkj35gdqqfvm2fl6x9c0000gn/T/XcodeDistPipeline.~~~bGwBDl/Packages/Locator123.ipa'
2026-05-03 11:10:23 +0000  >>> Copying /var/folders/f7/59lchvkj35gdqqfvm2fl6x9c0000gn/T/XcodeDistPipeline.~~~bGwBDl/Root 
2026-05-03 11:10:23 +0000  copying file ./Payload/Locator123.app/_CodeSignature/CodeResources ... 
2026-05-03 11:10:23 +0000  28449 bytes for ./Payload/Locator123.app/_CodeSignature/CodeResources
2026-05-03 11:10:23 +0000  copying file ./Payload/Locator123.app/SplashScreen.storyboardc/EXPO-VIEWCONTROLLER-1-view-EXPO-ContainerView.nib ... 
2026-05-03 11:10:23 +0000  2024 bytes for ./Payload/Locator123.app/SplashScreen.storyboardc/EXPO-VIEWCONTROLLER-1-view-EXPO-ContainerView.nib
2026-05-03 11:10:23 +0000  copying file ./Payload/Locator123.app/SplashScreen.storyboardc/SplashScreenViewController.nib ... 
2026-05-03 11:10:23 +0000  1004 bytes for ./Payload/Locator123.app/SplashScreen.storyboardc/SplashScreenViewController.nib
2026-05-03 11:10:23 +0000  copying file ./Payload/Locator123.app/SplashScreen.storyboardc/Info.plist ... 
2026-05-03 11:10:23 +0000  225 bytes for ./Payload/Locator123.app/SplashScreen.storyboardc/Info.plist
2026-05-03 11:10:23 +0000  copying file ./Payload/Locator123.app/ExpoSystemUI_privacy.bundle/PrivacyInfo.xcprivacy ... 
2026-05-03 11:10:23 +0000  607 bytes for ./Payload/Locator123.app/ExpoSystemUI_privacy.bundle/PrivacyInfo.xcprivacy
2026-05-03 11:10:23 +0000  copying file ./Payload/Locator123.app/ExpoSystemUI_privacy.bundle/Info.plist ... 
2026-05-03 11:10:23 +0000  788 bytes for ./Payload/Locator123.app/ExpoSystemUI_privacy.bundle/Info.plist
2026-05-03 11:10:23 +0000  copying file ./Payload/Locator123.app/AppIcon60x60@2x.png ... 
2026-05-03 11:10:23 +0000  6073 bytes for ./Payload/Locator123.app/AppIcon60x60@2x.png
2026-05-03 11:10:23 +0000  copying file ./Payload/Locator123.app/ExpoConstants_privacy.bundle/PrivacyInfo.xcprivacy ... 
2026-05-03 11:10:23 +0000  607 bytes for ./Payload/Locator123.app/ExpoConstants_privacy.bundle/PrivacyInfo.xcprivacy
2026-05-03 11:10:23 +0000  copying file ./Payload/Locator123.app/ExpoConstants_privacy.bundle/Info.plist ... 
792 bytes for ./Payload/Locator123.app/ExpoConstants_privacy.bundle/Info.plist
2026-05-03 11:10:23 +0000  copying file ./Payload/Locator123.app/React-cxxreact_privacy.bundle/PrivacyInfo.xcprivacy ... 
2026-05-03 11:10:23 +0000  552 bytes for ./Payload/Locator123.app/React-cxxreact_privacy.bundle/PrivacyInfo.xcprivacy
2026-05-03 11:10:23 +0000  copying file ./Payload/Locator123.app/React-cxxreact_privacy.bundle/Info.plist ... 
2026-05-03 11:10:23 +0000  793 bytes for ./Payload/Locator123.app/React-cxxreact_privacy.bundle/Info.plist
2026-05-03 11:10:23 +0000  copying file ./Payload/Locator123.app/ExpoApplication_privacy.bundle/PrivacyInfo.xcprivacy ... 
2026-05-03 11:10:23 +0000  608 bytes for ./Payload/Locator123.app/ExpoApplication_privacy.bundle/PrivacyInfo.xcprivacy
2026-05-03 11:10:23 +0000  copying file ./Payload/Locator123.app/ExpoApplication_privacy.bundle/Info.plist ... 
2026-05-03 11:10:23 +0000  794 bytes for ./Payload/Locator123.app/ExpoApplication_privacy.bundle/Info.plist
2026-05-03 11:10:23 +0000  copying file ./Payload/Locator123.app/Assets.car ... 
2026-05-03 11:10:23 +0000  274248 bytes for ./Payload/Locator123.app/Assets.car
2026-05-03 11:10:23 +0000  copying file ./Payload/Locator123.app/AppIcon76x76@2x~ipad.png ... 
2026-05-03 11:10:23 +0000  8921 bytes for ./Payload/Locator123.app/AppIcon76x76@2x~ipad.png
2026-05-03 11:10:23 +0000  copying file ./Payload/Locator123.app/main.jsbundle ... 
2026-05-03 11:10:23 +0000  3467116 bytes for ./Payload/Locator123.app/main.jsbundle
2026-05-03 11:10:23 +0000  copying file ./Payload/Locator123.app/EXConstants.bundle/app.config ... 
1699 bytes for ./Payload/Locator123.app/EXConstants.bundle/app.config
copying file ./Payload/Locator123.app/EXConstants.bundle/Info.plist ... 
770 bytes for ./Payload/Locator123.app/EXConstants.bundle/Info.plist
copying file ./Payload/Locator123.app/SDWebImage.bundle/PrivacyInfo.xcprivacy ... 
599 bytes for ./Payload/Locator123.app/SDWebImage.bundle/PrivacyInfo.xcprivacy
copying file ./Payload/Locator123.app/SDWebImage.bundle/Info.plist ... 
2026-05-03 11:10:23 +0000  766 bytes for ./Payload/Locator123.app/SDWebImage.bundle/Info.plist
2026-05-03 11:10:23 +0000  copying file ./Payload/Locator123.app/ExpoDevice_privacy.bundle/PrivacyInfo.xcprivacy ... 
609 bytes for ./Payload/Locator123.app/ExpoDevice_privacy.bundle/PrivacyInfo.xcprivacy
2026-05-03 11:10:23 +0000  copying file ./Payload/Locator123.app/ExpoDevice_privacy.bundle/Info.plist ... 
784 bytes for ./Payload/Locator123.app/ExpoDevice_privacy.bundle/Info.plist
2026-05-03 11:10:23 +0000  copying file ./Payload/Locator123.app/PrivacyInfo.xcprivacy ... 
1283 bytes for ./Payload/Locator123.app/PrivacyInfo.xcprivacy
2026-05-03 11:10:23 +0000  copying file ./Payload/Locator123.app/ExpoFileSystem_privacy.bundle/PrivacyInfo.xcprivacy ... 
2026-05-03 11:10:23 +0000  877 bytes for ./Payload/Locator123.app/ExpoFileSystem_privacy.bundle/PrivacyInfo.xcprivacy
copying file ./Payload/Locator123.app/ExpoFileSystem_privacy.bundle/Info.plist ... 
2026-05-03 11:10:23 +0000  794 bytes for ./Payload/Locator123.app/ExpoFileSystem_privacy.bundle/Info.plist
2026-05-03 11:10:23 +0000  copying file ./Payload/Locator123.app/Frameworks/React.framework/_CodeSignature/CodeResources ... 
2026-05-03 11:10:23 +0000  1798 bytes for ./Payload/Locator123.app/Frameworks/React.framework/_CodeSignature/CodeResources
copying file ./Payload/Locator123.app/Frameworks/React.framework/React ... 
2026-05-03 11:10:24 +0000  11306560 bytes for ./Payload/Locator123.app/Frameworks/React.framework/React
2026-05-03 11:10:24 +0000  copying file ./Payload/Locator123.app/Frameworks/React.framework/Info.plist ... 
749 bytes for ./Payload/Locator123.app/Frameworks/React.framework/Info.plist
copying file ./Payload/Locator123.app/Frameworks/ReactNativeDependencies.framework/_CodeSignature/CodeResources ... 
3548 bytes for ./Payload/Locator123.app/Frameworks/ReactNativeDependencies.framework/_CodeSignature/CodeResources
2026-05-03 11:10:24 +0000  copying file ./Payload/Locator123.app/Frameworks/ReactNativeDependencies.framework/ReactNativeDependencies_folly.bundle/PrivacyInfo.xcprivacy ... 
2026-05-03 11:10:24 +0000  552 bytes for ./Payload/Locator123.app/Frameworks/ReactNativeDependencies.framework/ReactNativeDependencies_folly.bundle/PrivacyInfo.xcprivacy
copying file ./Payload/Locator123.app/Frameworks/ReactNativeDependencies.framework/ReactNativeDependencies_folly.bundle/Info.plist ... 
2026-05-03 11:10:24 +0000  690 bytes for ./Payload/Locator123.app/Frameworks/ReactNativeDependencies.framework/ReactNativeDependencies_folly.bundle/Info.plist
2026-05-03 11:10:24 +0000  copying file ./Payload/Locator123.app/Frameworks/ReactNativeDependencies.framework/ReactNativeDependencies ... 
2026-05-03 11:10:24 +0000  1279888 bytes for ./Payload/Locator123.app/Frameworks/ReactNativeDependencies.framework/ReactNativeDependencies
2026-05-03 11:10:24 +0000  copying file ./Payload/Locator123.app/Frameworks/ReactNativeDependencies.framework/ReactNativeDependencies_glog.bundle/PrivacyInfo.xcprivacy ... 
2026-05-03 11:10:24 +0000  552 bytes for ./Payload/Locator123.app/Frameworks/ReactNativeDependencies.framework/ReactNativeDependencies_glog.bundle/PrivacyInfo.xcprivacy
2026-05-03 11:10:24 +0000  copying file ./Payload/Locator123.app/Frameworks/ReactNativeDependencies.framework/ReactNativeDependencies_glog.bundle/Info.plist ... 
2026-05-03 11:10:24 +0000  688 bytes for ./Payload/Locator123.app/Frameworks/ReactNativeDependencies.framework/ReactNativeDependencies_glog.bundle/Info.plist
2026-05-03 11:10:24 +0000  copying file ./Payload/Locator123.app/Frameworks/ReactNativeDependencies.framework/ReactNativeDependencies_boost.bundle/PrivacyInfo.xcprivacy ... 
2026-05-03 11:10:24 +0000  776 bytes for ./Payload/Locator123.app/Frameworks/ReactNativeDependencies.framework/ReactNativeDependencies_boost.bundle/PrivacyInfo.xcprivacy
2026-05-03 11:10:24 +0000  copying file ./Payload/Locator123.app/Frameworks/ReactNativeDependencies.framework/ReactNativeDependencies_boost.bundle/Info.plist ... 
2026-05-03 11:10:24 +0000  690 bytes for ./Payload/Locator123.app/Frameworks/ReactNativeDependencies.framework/ReactNativeDependencies_boost.bundle/Info.plist
2026-05-03 11:10:24 +0000  copying file ./Payload/Locator123.app/Frameworks/ReactNativeDependencies.framework/Info.plist ... 
2026-05-03 11:10:24 +0000  782 bytes for ./Payload/Locator123.app/Frameworks/ReactNativeDependencies.framework/Info.plist
2026-05-03 11:10:24 +0000  copying file ./Payload/Locator123.app/Frameworks/hermes.framework/_CodeSignature/CodeResources ... 
2026-05-03 11:10:24 +0000  1798 bytes for ./Payload/Locator123.app/Frameworks/hermes.framework/_CodeSignature/CodeResources
2026-05-03 11:10:24 +0000  copying file ./Payload/Locator123.app/Frameworks/hermes.framework/hermes ... 
2026-05-03 11:10:24 +0000  4728064 bytes for ./Payload/Locator123.app/Frameworks/hermes.framework/hermes
2026-05-03 11:10:24 +0000  copying file ./Payload/Locator123.app/Frameworks/hermes.framework/Info.plist ... 
859 bytes for ./Payload/Locator123.app/Frameworks/hermes.framework/Info.plist
copying file ./Payload/Locator123.app/embedded.mobileprovision ... 
14247 bytes for ./Payload/Locator123.app/embedded.mobileprovision
2026-05-03 11:10:24 +0000  copying file ./Payload/Locator123.app/assets/node_modules/@react-navigation/elements/lib/module/assets/back-icon@3x.png ... 
2026-05-03 11:10:24 +0000  761 bytes for ./Payload/Locator123.app/assets/node_modules/@react-navigation/elements/lib/module/assets/back-icon@3x.png
2026-05-03 11:10:24 +0000  copying file ./Payload/Locator123.app/assets/node_modules/@react-navigation/elements/lib/module/assets/back-icon@2x.png ... 
405 bytes for ./Payload/Locator123.app/assets/node_modules/@react-navigation/elements/lib/module/assets/back-icon@2x.png
2026-05-03 11:10:24 +0000  copying file ./Payload/Locator123.app/assets/node_modules/@react-navigation/elements/lib/module/assets/search-icon@2x.png ... 
589 bytes for ./Payload/Locator123.app/assets/node_modules/@react-navigation/elements/lib/module/assets/search-icon@2x.png
2026-05-03 11:10:24 +0000  copying file ./Payload/Locator123.app/assets/node_modules/@react-navigation/elements/lib/module/assets/clear-icon@3x.png ... 
2026-05-03 11:10:24 +0000  502 bytes for ./Payload/Locator123.app/assets/node_modules/@react-navigation/elements/lib/module/assets/clear-icon@3x.png
copying file ./Payload/Locator123.app/assets/node_modules/@react-navigation/elements/lib/module/assets/back-icon.png ... 
2026-05-03 11:10:24 +0000  290 bytes for ./Payload/Locator123.app/assets/node_modules/@react-navigation/elements/lib/module/assets/back-icon.png
copying file ./Payload/Locator123.app/assets/node_modules/@react-navigation/elements/lib/module/assets/clear-icon@2x.png ... 
2026-05-03 11:10:24 +0000  334 bytes for ./Payload/Locator123.app/assets/node_modules/@react-navigation/elements/lib/module/assets/clear-icon@2x.png
copying file ./Payload/Locator123.app/assets/node_modules/@react-navigation/elements/lib/module/assets/search-icon@3x.png ... 
2026-05-03 11:10:24 +0000  839 bytes for ./Payload/Locator123.app/assets/node_modules/@react-navigation/elements/lib/module/assets/search-icon@3x.png
copying file ./Payload/Locator123.app/assets/node_modules/@react-navigation/elements/lib/module/assets/close-icon.png ... 
2026-05-03 11:10:24 +0000  141 bytes for ./Payload/Locator123.app/assets/node_modules/@react-navigation/elements/lib/module/assets/close-icon.png
copying file ./Payload/Locator123.app/assets/node_modules/@react-navigation/elements/lib/module/assets/back-icon-mask.png ... 
653 bytes for ./Payload/Locator123.app/assets/node_modules/@react-navigation/elements/lib/module/assets/back-icon-mask.png
2026-05-03 11:10:24 +0000  copying file ./Payload/Locator123.app/assets/node_modules/@react-navigation/elements/lib/module/assets/close-icon@2x.png ... 
201 bytes for ./Payload/Locator123.app/assets/node_modules/@react-navigation/elements/lib/module/assets/close-icon@2x.png
2026-05-03 11:10:24 +0000  copying file ./Payload/Locator123.app/assets/node_modules/@react-navigation/elements/lib/module/assets/close-icon@3x.png ... 
266 bytes for ./Payload/Locator123.app/assets/node_modules/@react-navigation/elements/lib/module/assets/close-icon@3x.png
copying file ./Payload/Locator123.app/assets/node_modules/@react-navigation/elements/lib/module/assets/clear-icon.png ... 
2026-05-03 11:10:24 +0000  220 bytes for ./Payload/Locator123.app/assets/node_modules/@react-navigation/elements/lib/module/assets/clear-icon.png
copying file ./Payload/Locator123.app/assets/node_modules/@react-navigation/elements/lib/module/assets/search-icon.png ... 
2026-05-03 11:10:24 +0000  317 bytes for ./Payload/Locator123.app/assets/node_modules/@react-navigation/elements/lib/module/assets/search-icon.png
2026-05-03 11:10:24 +0000  copying file ./Payload/Locator123.app/assets/node_modules/@expo/vector-icons/build/vendor/react-native-vector-icons/Fonts/Fontisto.ttf ... 
2026-05-03 11:10:24 +0000  313528 bytes for ./Payload/Locator123.app/assets/node_modules/@expo/vector-icons/build/vendor/react-native-vector-icons/Fonts/Fontisto.ttf
2026-05-03 11:10:24 +0000  copying file ./Payload/Locator123.app/assets/node_modules/@expo/vector-icons/build/vendor/react-native-vector-icons/Fonts/Octicons.ttf ... 
2026-05-03 11:10:24 +0000  69436 bytes for ./Payload/Locator123.app/assets/node_modules/@expo/vector-icons/build/vendor/react-native-vector-icons/Fonts/Octicons.ttf
2026-05-03 11:10:24 +0000  copying file ./Payload/Locator123.app/assets/node_modules/@expo/vector-icons/build/vendor/react-native-vector-icons/Fonts/Feather.ttf ... 
2026-05-03 11:10:24 +0000  55596 bytes for ./Payload/Locator123.app/assets/node_modules/@expo/vector-icons/build/vendor/react-native-vector-icons/Fonts/Feather.ttf
2026-05-03 11:10:24 +0000  copying file ./Payload/Locator123.app/assets/node_modules/@expo/vector-icons/build/vendor/react-native-vector-icons/Fonts/FontAwesome6_Regular.ttf ... 
2026-05-03 11:10:24 +0000  67976 bytes for ./Payload/Locator123.app/assets/node_modules/@expo/vector-icons/build/vendor/react-native-vector-icons/Fonts/FontAwesome6_Regular.ttf
2026-05-03 11:10:24 +0000  copying file ./Payload/Locator123.app/assets/node_modules/@expo/vector-icons/build/vendor/react-native-vector-icons/Fonts/Entypo.ttf ... 
2026-05-03 11:10:24 +0000  66200 bytes for ./Payload/Locator123.app/assets/node_modules/@expo/vector-icons/build/vendor/react-native-vector-icons/Fonts/Entypo.ttf
2026-05-03 11:10:24 +0000  copying file ./Payload/Locator123.app/assets/node_modules/@expo/vector-icons/build/vendor/react-native-vector-icons/Fonts/FontAwesome5_Brands.ttf ... 
2026-05-03 11:10:24 +0000  134040 bytes for ./Payload/Locator123.app/assets/node_modules/@expo/vector-icons/build/vendor/react-native-vector-icons/Fonts/FontAwesome5_Brands.ttf
2026-05-03 11:10:24 +0000  copying file ./Payload/Locator123.app/assets/node_modules/@expo/vector-icons/build/vendor/react-native-vector-icons/Fonts/MaterialCommunityIcons.ttf ... 
2026-05-03 11:10:24 +0000  1307660 bytes for ./Payload/Locator123.app/assets/node_modules/@expo/vector-icons/build/vendor/react-native-vector-icons/Fonts/MaterialCommunityIcons.ttf
2026-05-03 11:10:24 +0000  copying file ./Payload/Locator123.app/assets/node_modules/@expo/vector-icons/build/vendor/react-native-vector-icons/Fonts/AntDesign.ttf ... 
2026-05-03 11:10:24 +0000  130484 bytes for ./Payload/Locator123.app/assets/node_modules/@expo/vector-icons/build/vendor/react-native-vector-icons/Fonts/AntDesign.ttf
2026-05-03 11:10:24 +0000  copying file ./Payload/Locator123.app/assets/node_modules/@expo/vector-icons/build/vendor/react-native-vector-icons/Fonts/Foundation.ttf ... 
2026-05-03 11:10:24 +0000  56976 bytes for ./Payload/Locator123.app/assets/node_modules/@expo/vector-icons/build/vendor/react-native-vector-icons/Fonts/Foundation.ttf
2026-05-03 11:10:24 +0000  copying file ./Payload/Locator123.app/assets/node_modules/@expo/vector-icons/build/vendor/react-native-vector-icons/Fonts/Ionicons.ttf ... 
2026-05-03 11:10:24 +0000  389724 bytes for ./Payload/Locator123.app/assets/node_modules/@expo/vector-icons/build/vendor/react-native-vector-icons/Fonts/Ionicons.ttf
2026-05-03 11:10:24 +0000  copying file ./Payload/Locator123.app/assets/node_modules/@expo/vector-icons/build/vendor/react-native-vector-icons/Fonts/FontAwesome5_Solid.ttf ... 
2026-05-03 11:10:24 +0000  202744 bytes for ./Payload/Locator123.app/assets/node_modules/@expo/vector-icons/build/vendor/react-native-vector-icons/Fonts/FontAwesome5_Solid.ttf
2026-05-03 11:10:24 +0000  copying file ./Payload/Locator123.app/assets/node_modules/@expo/vector-icons/build/vendor/react-native-vector-icons/Fonts/FontAwesome5_Regular.ttf ... 
2026-05-03 11:10:24 +0000  33736 bytes for ./Payload/Locator123.app/assets/node_modules/@expo/vector-icons/build/vendor/react-native-vector-icons/Fonts/FontAwesome5_Regular.ttf
2026-05-03 11:10:24 +0000  copying file ./Payload/Locator123.app/assets/node_modules/@expo/vector-icons/build/vendor/react-native-vector-icons/Fonts/FontAwesome.ttf ... 
2026-05-03 11:10:24 +0000  165548 bytes for ./Payload/Locator123.app/assets/node_modules/@expo/vector-icons/build/vendor/react-native-vector-icons/Fonts/FontAwesome.ttf
2026-05-03 11:10:24 +0000  copying file ./Payload/Locator123.app/assets/node_modules/@expo/vector-icons/build/vendor/react-native-vector-icons/Fonts/Zocial.ttf ... 
2026-05-03 11:10:24 +0000  25788 bytes for ./Payload/Locator123.app/assets/node_modules/@expo/vector-icons/build/vendor/react-native-vector-icons/Fonts/Zocial.ttf
2026-05-03 11:10:24 +0000  copying file ./Payload/Locator123.app/assets/node_modules/@expo/vector-icons/build/vendor/react-native-vector-icons/Fonts/EvilIcons.ttf ... 
2026-05-03 11:10:24 +0000  13456 bytes for ./Payload/Locator123.app/assets/node_modules/@expo/vector-icons/build/vendor/react-native-vector-icons/Fonts/EvilIcons.ttf
2026-05-03 11:10:24 +0000  copying file ./Payload/Locator123.app/assets/node_modules/@expo/vector-icons/build/vendor/react-native-vector-icons/Fonts/FontAwesome6_Solid.ttf ... 
2026-05-03 11:10:24 +0000  423676 bytes for ./Payload/Locator123.app/assets/node_modules/@expo/vector-icons/build/vendor/react-native-vector-icons/Fonts/FontAwesome6_Solid.ttf
2026-05-03 11:10:24 +0000  copying file ./Payload/Locator123.app/assets/node_modules/@expo/vector-icons/build/vendor/react-native-vector-icons/Fonts/SimpleLineIcons.ttf ... 
2026-05-03 11:10:24 +0000  54056 bytes for ./Payload/Locator123.app/assets/node_modules/@expo/vector-icons/build/vendor/react-native-vector-icons/Fonts/SimpleLineIcons.ttf
2026-05-03 11:10:24 +0000  copying file ./Payload/Locator123.app/assets/node_modules/@expo/vector-icons/build/vendor/react-native-vector-icons/Fonts/FontAwesome6_Brands.ttf ... 
2026-05-03 11:10:24 +0000  209376 bytes for ./Payload/Locator123.app/assets/node_modules/@expo/vector-icons/build/vendor/react-native-vector-icons/Fonts/FontAwesome6_Brands.ttf
2026-05-03 11:10:24 +0000  copying file ./Payload/Locator123.app/assets/node_modules/@expo/vector-icons/build/vendor/react-native-vector-icons/Fonts/MaterialIcons.ttf ... 
2026-05-03 11:10:24 +0000  356840 bytes for ./Payload/Locator123.app/assets/node_modules/@expo/vector-icons/build/vendor/react-native-vector-icons/Fonts/MaterialIcons.ttf
2026-05-03 11:10:24 +0000  copying file ./Payload/Locator123.app/assets/node_modules/expo-router/assets/pkg.png ... 
2026-05-03 11:10:24 +0000  364 bytes for ./Payload/Locator123.app/assets/node_modules/expo-router/assets/pkg.png
2026-05-03 11:10:24 +0000  copying file ./Payload/Locator123.app/assets/node_modules/expo-router/assets/unmatched.png ... 
2026-05-03 11:10:24 +0000  4752 bytes for ./Payload/Locator123.app/assets/node_modules/expo-router/assets/unmatched.png
2026-05-03 11:10:24 +0000  copying file ./Payload/Locator123.app/assets/node_modules/expo-router/assets/file.png ... 
138 bytes for ./Payload/Locator123.app/assets/node_modules/expo-router/assets/file.png
2026-05-03 11:10:24 +0000  copying file ./Payload/Locator123.app/assets/node_modules/expo-router/assets/forward.png ... 
2026-05-03 11:10:24 +0000  188 bytes for ./Payload/Locator123.app/assets/node_modules/expo-router/assets/forward.png
2026-05-03 11:10:24 +0000  copying file ./Payload/Locator123.app/assets/node_modules/expo-router/assets/error.png ... 
469 bytes for ./Payload/Locator123.app/assets/node_modules/expo-router/assets/error.png
2026-05-03 11:10:24 +0000  copying file ./Payload/Locator123.app/assets/node_modules/expo-router/assets/sitemap.png ... 
2026-05-03 11:10:24 +0000  465 bytes for ./Payload/Locator123.app/assets/node_modules/expo-router/assets/sitemap.png
2026-05-03 11:10:24 +0000  copying file ./Payload/Locator123.app/assets/node_modules/expo-router/assets/arrow_down.png ... 
2026-05-03 11:10:24 +0000  9456 bytes for ./Payload/Locator123.app/assets/node_modules/expo-router/assets/arrow_down.png
2026-05-03 11:10:24 +0000  copying file ./Payload/Locator123.app/Info.plist ... 
2026-05-03 11:10:24 +0000  2576 bytes for ./Payload/Locator123.app/Info.plist
2026-05-03 11:10:24 +0000  copying file ./Payload/Locator123.app/Expo.plist ... 
132 bytes for ./Payload/Locator123.app/Expo.plist
2026-05-03 11:10:24 +0000  copying file ./Payload/Locator123.app/RNCAsyncStorage_resources.bundle/PrivacyInfo.xcprivacy ... 
2026-05-03 11:10:24 +0000  512 bytes for ./Payload/Locator123.app/RNCAsyncStorage_resources.bundle/PrivacyInfo.xcprivacy
2026-05-03 11:10:24 +0000  copying file ./Payload/Locator123.app/RNCAsyncStorage_resources.bundle/Info.plist ... 
2026-05-03 11:10:24 +0000  798 bytes for ./Payload/Locator123.app/RNCAsyncStorage_resources.bundle/Info.plist
2026-05-03 11:10:24 +0000  copying file ./Payload/Locator123.app/PkgInfo ... 
8 bytes for ./Payload/Locator123.app/PkgInfo
2026-05-03 11:10:24 +0000  copying file ./Payload/Locator123.app/React-Core_privacy.bundle/PrivacyInfo.xcprivacy ... 
2026-05-03 11:10:24 +0000  768 bytes for ./Payload/Locator123.app/React-Core_privacy.bundle/PrivacyInfo.xcprivacy
2026-05-03 11:10:24 +0000  copying file ./Payload/Locator123.app/React-Core_privacy.bundle/Info.plist ... 
2026-05-03 11:10:24 +0000  785 bytes for ./Payload/Locator123.app/React-Core_privacy.bundle/Info.plist
copying file ./Payload/Locator123.app/Locator123 ... 
2026-05-03 11:10:24 +0000  6221344 bytes for ./Payload/Locator123.app/Locator123
2026-05-03 11:10:24 +0000  /usr/bin/ditto exited with 0
2026-05-03 11:10:24 +0000  Processing step: IDEDistributionAppStoreInformationStep
2026-05-03 11:10:24 +0000  Skipping step: IDEDistributionAppStoreInformationStep because it said so
2026-05-03 11:10:24 +0000  Processing step: IDEDistributionGenerateProcessedDistributionItems
2026-05-03 11:10:24 +0000  IDEDistributionItem init <DVTFilePath:0x87a0158c0:'/var/folders/f7/59lchvkj35gdqqfvm2fl6x9c0000gn/T/XcodeDistPipeline.~~~bGwBDl/Root/Payload/Locator123.app/Frameworks/React.framework'>
2026-05-03 11:10:24 +0000  IDEDistributionItem init <DVTFilePath:0x879f3a080:'/var/folders/f7/59lchvkj35gdqqfvm2fl6x9c0000gn/T/XcodeDistPipeline.~~~bGwBDl/Root/Payload/Locator123.app/Frameworks/ReactNativeDependencies.framework'>
2026-05-03 11:10:24 +0000  IDEDistributionItem init <DVTFilePath:0x84a4d6610:'/var/folders/f7/59lchvkj35gdqqfvm2fl6x9c0000gn/T/XcodeDistPipeline.~~~bGwBDl/Root/Payload/Locator123.app/Frameworks/hermes.framework'>
2026-05-03 11:10:24 +0000  IDEDistributionItem init <DVTFilePath:0x87a016ac0:'/var/folders/f7/59lchvkj35gdqqfvm2fl6x9c0000gn/T/XcodeDistPipeline.~~~bGwBDl/Root/Payload/Locator123.app'>
2026-05-03 11:10:24 +0000  Processing step: IDEDistributionCreateManifestStep
